OK
OK
OK
OK
OK
OK
OK
OK
OK
OK
OK
OK
OK
OK
OK
OK
OK
OK
OK
OK
C myCircle 0 0 1
C myEightCircle 0 0 1000
R myEightRectangle 0 0 10 0
C myFifthCircle 1 1 489
R myFifthRectangle 1 1 48 9
C myFourthCircle 0 0 21
R myFourthRectangle 0 0 2 1
C myNinthCircle 0 1 6
R myNinthRectangle 0 1 6 9
R myRectangle 0 0 1 1
C mySecondCircle 1 1 42
R mySecondRectangle 1 1 4 2
C mySeventhCircle 0 0 99
R mySeventhRectangle 0 0 9 9
C mySixthCircle 1 1 27
R mySixthRectangle 1 1 2 7
C myTenthCircle 1 1 2
R myTenthRectangle 1 1 42 12
C myThirdCircle 0 0 44
R myThirdRectangle 0 0 4 4
OK
OK
OK
OK
C myCircle 0 0 1
C myEightCircle 0 0 1000
R myEightRectangle 0 0 10 0
C myFifthCircle 1 1 489
R myFifthRectangle 1 1 48 9
C myFourthCircle 0 0 21
R myFourthRectangle 0 0 2 1
C myNinthCircle 0 1 6
R myNinthRectangle 0 1 6 9
R myRectangle 0 0 1 1
C mySecondCircle 1 1 42
R mySecondRectangle 1 1 4 2
C mySeventhCircle 0 0 99
R mySeventhRectangle 0 0 9 9
C mySixthCircle 1 1 27
R mySixthRectangle 1 1 2 7
C myTenthCircle 1 1 2
R myTenthRectangle 1 1 42 12
C myThirdCircle 0 0 44
R myThirdRectangle 0 0 4 4
