OK
OK
OK
OK
OK
OK
OK
OA myAgregate myCircle mySecondCircle
C myCircle 3 3 1
OA mySecondAgregate myCircle myThirdCircle
C mySecondCircle 2 2 42
C myThirdCircle 2 2 41
