OK
OK
OK
OK
OA myAgregate myCircle mySecondCircle
C myCircle 1 1 1
C mySecondCircle 2 2 42
