OK
OK
OK
OK
C myCircle 0 0 1
C mySecondCircle 1 1 42