OK
OK
OK
OK
OK
OK
OK
OA myAgregate myCircle mySecondCircle
OA mySecondAgregate myCircle myThirdCircle
C myCircle 1 1 1
C mySecondCircle 2 2 42
C myThirdCircle 1 1 41
